[1/117] Access Infinity Ltd
[2/117] Acumetis
[3/117] Adelphi Real World and Adelphi Values
[4/117] Adigens Health Limited
[5/117] Amaris Consulting
[6/117] American Association for Cancer Research (AACR)
[7/117] Analysis Group
[8/117] Arcadia.io
[9/117] Arcturis Data (UK) Ltd
[10/117] ATHAGORAS Holding GmbH
[11/117] Avalere Health LLC
[12/117] Barrington James
[13/117] Behavioral Health Insights
[14/117] BRG
[15/117] Cardinal Health
[16/117] Carelon Research
[17/117] Castor
[18/117] Cencora
[19/117] Certara, L.P.
[20/117] Clarivate
[21/117] Clinigma
[22/117] CMap
[23/117] Columbia Data Analytics
[24/117] ConnectHEOR
[25/117] Core Clinical Sciences
[26/117] Costello Medical
[27/117] Curta
[28/117] CVS Healthspire
[29/117] Cytel
[30/117] Datavant
[31/117] DistillerSR Inc.
[32/117] EasySLR
[33/117] EBM Health Consultants
[34/117] Elicit
[35/117] eMAX Health Systems
[36/117] EntityRisk, Inc.
[37/117] EPI-Q, Inc.
[38/117] EVERSANA
[39/117] Evidencia Life Sciences
[40/117] Flatiron
[41/117] Folia Health
[42/117] Forian Inc.
[43/117] Frekil
[44/117] GeneDx
[45/117] Genesis Research Group
[46/117] Guardian Research Network
[47/117] Guidehouse
[48/117] Health Analytics LLC
[49/117] Health Catalyst
[50/117] HealthVerity
[51/117] Icon Clinical Research, LLC
[52/117] IMO Health
[53/117] Indence Health
[54/117] Initiate Consultancy
[55/117] Inovalon Inc.
[56/117] IQVIA
[57/117] ISPOR
[58/117] Keiji.AI
[59/117] Kielo Research
[60/117] KMK Consulting Inc.
[61/117] Komodo Health
[62/117] Limina
[63/117] Loopback Health
[64/117] Lumanity
[65/117] MadeAi
[66/117] Mapi Research Trust
[67/117] MarketScan by Merative
[68/117] MArS Market Access & Pricing Strategy GmbH
[69/117] Medicus Economics, LLC
[70/117] MGB HIRO
[71/117] Model N
[72/117] ModMed
[73/117] Natera, Inc.
[74/117] Nested Knowledge
[75/117] nference
[76/117] Novellia
[77/117] OM1
[78/117] OMNY Health
[79/117] OneMedNet
[80/117] Ontada
[81/117] OPEN Health
[82/117] Optum (E)
[83/117] Oracle Health and Life Sciences
[84/117] Panalgo
[85/117] PAREXEL
[86/117] PearlDiver Technologies
[87/117] Penfield Search
[88/117] Peritia
[89/117] Petauri
[90/117] Pharmacoevidence Pvt. Ltd.
[91/117] PharmaQuant
[92/117] PhaseV
[93/117] Pienomial Inc
[94/117] PointClickCare
[95/117] PolicyMap
[96/117] Precision AQ
[97/117] Premier Applied Sciences
[98/117] Red Nucleus
[99/117] RTI Health Solutions
[100/117] SimulStat
[101/117] SmartStep Consulting GmbH
[102/117] Stage Analytics
[103/117] Stratevi
[104/117] Target RWE
[105/117] Tempus
[106/117] Thermo Fisher Scientific
[107/117] TreeAge Software, Inc.
[108/117] TriNetX
[109/117] Trinity Life Sciences
[110/117] Truveta
[111/117] United BioSource LLC (UBC)
[112/117] Value Analytics Labs
[113/117] Veradigm
[114/117] Verana Health
[115/117] Verantos, Inc.
[116/117] Viver Health LLC
[117/117] Wickenstones Ltd
Wrote 117 exhibitors to /Users/justinyu/Desktop/linkedin-posts/output/ispor26_ai_vendor_screenshots/data/ispor26_exhibitors.json and /Users/justinyu/Desktop/linkedin-posts/output/ispor26_ai_vendor_screenshots/data/ispor26_exhibitors.csv
