[1/117] resolving Access Infinity Ltd
[2/117] resolving Acumetis
[3/117] resolving Adelphi Real World and Adelphi Values
[4/117] resolving Adigens Health Limited
[5/117] resolving Amaris Consulting
[6/117] resolving American Association for Cancer Research (AACR)
[7/117] resolving Analysis Group
[8/117] resolving Arcadia.io
[9/117] resolving Arcturis Data (UK) Ltd
[10/117] resolving ATHAGORAS Holding GmbH
[11/117] resolving Avalere Health LLC
[12/117] resolving Barrington James
[13/117] resolving Behavioral Health Insights
[14/117] resolving BRG
[15/117] resolving Cardinal Health
[16/117] resolving Carelon Research
[17/117] resolving Castor
[18/117] resolving Cencora
[19/117] resolving Certara, L.P.
[20/117] resolving Clarivate
[21/117] resolving Clinigma
[22/117] resolving CMap
[23/117] resolving Columbia Data Analytics
[24/117] resolving ConnectHEOR
[25/117] resolving Core Clinical Sciences
[26/117] resolving Costello Medical
[27/117] resolving Curta
[28/117] resolving CVS Healthspire
[29/117] resolving Cytel
[30/117] resolving Datavant
[31/117] resolving DistillerSR Inc.
[32/117] resolving EasySLR
[33/117] resolving EBM Health Consultants
[34/117] resolving Elicit
[35/117] resolving eMAX Health Systems
[36/117] resolving EntityRisk, Inc.
[37/117] resolving EPI-Q, Inc.
[38/117] resolving EVERSANA
[39/117] resolving Evidencia Life Sciences
[40/117] resolving Flatiron
[41/117] resolving Folia Health
[42/117] resolving Forian Inc.
[43/117] resolving Frekil
[44/117] resolving GeneDx
[45/117] resolving Genesis Research Group
[46/117] resolving Guardian Research Network
[47/117] resolving Guidehouse
[48/117] resolving Health Analytics LLC
[49/117] resolving Health Catalyst
[50/117] resolving HealthVerity
[51/117] resolving Icon Clinical Research, LLC
[52/117] resolving IMO Health
[53/117] resolving Indence Health
[54/117] resolving Initiate Consultancy
[55/117] resolving Inovalon Inc.
[56/117] resolving IQVIA
[57/117] resolving ISPOR
[58/117] resolving Keiji.AI
[59/117] resolving Kielo Research
[60/117] resolving KMK Consulting Inc.
[61/117] resolving Komodo Health
[62/117] resolving Limina
[63/117] resolving Loopback Health
[64/117] resolving Lumanity
[65/117] resolving MadeAi
[66/117] resolving Mapi Research Trust
[67/117] resolving MarketScan by Merative
[68/117] resolving MArS Market Access & Pricing Strategy GmbH
[69/117] resolving Medicus Economics, LLC
[70/117] resolving MGB HIRO
[71/117] resolving Model N
[72/117] resolving ModMed
[73/117] resolving Natera, Inc.
[74/117] resolving Nested Knowledge
[75/117] resolving nference
[76/117] resolving Novellia
[77/117] resolving OM1
[78/117] resolving OMNY Health
[79/117] resolving OneMedNet
[80/117] resolving Ontada
[81/117] resolving OPEN Health
[82/117] resolving Optum (E)
[83/117] resolving Oracle Health and Life Sciences
[84/117] resolving Panalgo
[85/117] resolving PAREXEL
[86/117] resolving PearlDiver Technologies
[87/117] resolving Penfield Search
[88/117] resolving Peritia
[89/117] resolving Petauri
[90/117] resolving Pharmacoevidence Pvt. Ltd.
[91/117] resolving PharmaQuant
[92/117] resolving PhaseV
[93/117] resolving Pienomial Inc
[94/117] resolving PointClickCare
[95/117] resolving PolicyMap
[96/117] resolving Precision AQ
[97/117] resolving Premier Applied Sciences
[98/117] resolving Red Nucleus
[99/117] resolving RTI Health Solutions
[100/117] resolving SimulStat
[101/117] resolving SmartStep Consulting GmbH
[102/117] resolving Stage Analytics
[103/117] resolving Stratevi
[104/117] resolving Target RWE
[105/117] resolving Tempus
[106/117] resolving Thermo Fisher Scientific
[107/117] resolving TreeAge Software, Inc.
[108/117] resolving TriNetX
[109/117] resolving Trinity Life Sciences
[110/117] resolving Truveta
[111/117] resolving United BioSource LLC (UBC)
[112/117] resolving Value Analytics Labs
[113/117] resolving Veradigm
[114/117] resolving Verana Health
[115/117] resolving Verantos, Inc.
[116/117] resolving Viver Health LLC
[117/117] resolving Wickenstones Ltd
Wrote /Users/justinyu/Desktop/linkedin-posts/output/ispor26_ai_vendor_screenshots/data/ispor26_exhibitors_with_websites.json; resolved 117/117 websites
